ARM GAS  C:\Users\tiantiaf\AppData\Local\Temp\ccW2rQIT.s 			page 1


   1              		.cpu cortex-m0
   2              		.fpu softvfp
   3              		.eabi_attribute 20, 1
   4              		.eabi_attribute 21, 1
   5              		.eabi_attribute 23, 3
   6              		.eabi_attribute 24, 1
   7              		.eabi_attribute 25, 1
   8              		.eabi_attribute 26, 1
   9              		.eabi_attribute 30, 1
  10              		.eabi_attribute 34, 0
  11              		.eabi_attribute 18, 4
  12              		.code	16
  13              		.file	"LED2.c"
  14              		.text
  15              	.Ltext0:
  16              		.cfi_sections	.debug_frame
  17              		.section	.text.LED2_Write,"ax",%progbits
  18              		.align	2
  19              		.global	LED2_Write
  20              		.code	16
  21              		.thumb_func
  22              		.type	LED2_Write, %function
  23              	LED2_Write:
  24              	.LFB0:
  25              		.file 1 ".\\Generated_Source\\PSoC4\\LED2.c"
   1:.\Generated_Source\PSoC4/LED2.c **** /*******************************************************************************
   2:.\Generated_Source\PSoC4/LED2.c **** * File Name: LED2.c  
   3:.\Generated_Source\PSoC4/LED2.c **** * Version 2.10
   4:.\Generated_Source\PSoC4/LED2.c **** *
   5:.\Generated_Source\PSoC4/LED2.c **** * Description:
   6:.\Generated_Source\PSoC4/LED2.c **** *  This file contains API to enable firmware control of a Pins component.
   7:.\Generated_Source\PSoC4/LED2.c **** *
   8:.\Generated_Source\PSoC4/LED2.c **** * Note:
   9:.\Generated_Source\PSoC4/LED2.c **** *
  10:.\Generated_Source\PSoC4/LED2.c **** ********************************************************************************
  11:.\Generated_Source\PSoC4/LED2.c **** * Copyright 2008-2014, Cypress Semiconductor Corporation.  All rights reserved.
  12:.\Generated_Source\PSoC4/LED2.c **** * You may use this file only in accordance with the license, terms, conditions, 
  13:.\Generated_Source\PSoC4/LED2.c **** * disclaimers, and limitations in the end user license agreement accompanying 
  14:.\Generated_Source\PSoC4/LED2.c **** * the software package with which this file was provided.
  15:.\Generated_Source\PSoC4/LED2.c **** *******************************************************************************/
  16:.\Generated_Source\PSoC4/LED2.c **** 
  17:.\Generated_Source\PSoC4/LED2.c **** #include "cytypes.h"
  18:.\Generated_Source\PSoC4/LED2.c **** #include "LED2.h"
  19:.\Generated_Source\PSoC4/LED2.c **** 
  20:.\Generated_Source\PSoC4/LED2.c **** #define SetP4PinDriveMode(shift, mode)  \
  21:.\Generated_Source\PSoC4/LED2.c ****     do { \
  22:.\Generated_Source\PSoC4/LED2.c ****         LED2_PC =   (LED2_PC & \
  23:.\Generated_Source\PSoC4/LED2.c ****                                 (uint32)(~(uint32)(LED2_DRIVE_MODE_IND_MASK << (LED2_DRIVE_MODE_BIT
  24:.\Generated_Source\PSoC4/LED2.c ****                                 (uint32)((uint32)(mode) << (LED2_DRIVE_MODE_BITS * (shift))); \
  25:.\Generated_Source\PSoC4/LED2.c ****     } while (0)
  26:.\Generated_Source\PSoC4/LED2.c **** 
  27:.\Generated_Source\PSoC4/LED2.c **** 
  28:.\Generated_Source\PSoC4/LED2.c **** /*******************************************************************************
  29:.\Generated_Source\PSoC4/LED2.c **** * Function Name: LED2_Write
  30:.\Generated_Source\PSoC4/LED2.c **** ********************************************************************************
  31:.\Generated_Source\PSoC4/LED2.c **** *
  32:.\Generated_Source\PSoC4/LED2.c **** * Summary:
ARM GAS  C:\Users\tiantiaf\AppData\Local\Temp\ccW2rQIT.s 			page 2


  33:.\Generated_Source\PSoC4/LED2.c **** *  Assign a new value to the digital port's data output register.  
  34:.\Generated_Source\PSoC4/LED2.c **** *
  35:.\Generated_Source\PSoC4/LED2.c **** * Parameters:  
  36:.\Generated_Source\PSoC4/LED2.c **** *  prtValue:  The value to be assigned to the Digital Port. 
  37:.\Generated_Source\PSoC4/LED2.c **** *
  38:.\Generated_Source\PSoC4/LED2.c **** * Return: 
  39:.\Generated_Source\PSoC4/LED2.c **** *  None 
  40:.\Generated_Source\PSoC4/LED2.c **** *  
  41:.\Generated_Source\PSoC4/LED2.c **** *******************************************************************************/
  42:.\Generated_Source\PSoC4/LED2.c **** void LED2_Write(uint8 value) 
  43:.\Generated_Source\PSoC4/LED2.c **** {
  26              		.loc 1 43 0
  27              		.cfi_startproc
  28              	.LVL0:
  44:.\Generated_Source\PSoC4/LED2.c ****     uint8 drVal = (uint8)(LED2_DR & (uint8)(~LED2_MASK));
  29              		.loc 1 44 0
  30 0000 044A     		ldr	r2, .L2
  31 0002 1168     		ldr	r1, [r2]
  32 0004 7F23     		mov	r3, #127
  33 0006 0B40     		and	r3, r1
  34              	.LVL1:
  45:.\Generated_Source\PSoC4/LED2.c ****     drVal = (drVal | ((uint8)(value << LED2_SHIFT) & LED2_MASK));
  35              		.loc 1 45 0
  36 0008 C001     		lsl	r0, r0, #7
  37              	.LVL2:
  38 000a C0B2     		uxtb	r0, r0
  39 000c 1843     		orr	r0, r3
  40              	.LVL3:
  46:.\Generated_Source\PSoC4/LED2.c ****     LED2_DR = (uint32)drVal;
  41              		.loc 1 46 0
  42 000e 1060     		str	r0, [r2]
  47:.\Generated_Source\PSoC4/LED2.c **** }
  43              		.loc 1 47 0
  44              		@ sp needed
  45 0010 7047     		bx	lr
  46              	.L3:
  47 0012 C046     		.align	2
  48              	.L2:
  49 0014 00030440 		.word	1074004736
  50              		.cfi_endproc
  51              	.LFE0:
  52              		.size	LED2_Write, .-LED2_Write
  53              		.section	.text.LED2_SetDriveMode,"ax",%progbits
  54              		.align	2
  55              		.global	LED2_SetDriveMode
  56              		.code	16
  57              		.thumb_func
  58              		.type	LED2_SetDriveMode, %function
  59              	LED2_SetDriveMode:
  60              	.LFB1:
  48:.\Generated_Source\PSoC4/LED2.c **** 
  49:.\Generated_Source\PSoC4/LED2.c **** 
  50:.\Generated_Source\PSoC4/LED2.c **** /*******************************************************************************
  51:.\Generated_Source\PSoC4/LED2.c **** * Function Name: LED2_SetDriveMode
  52:.\Generated_Source\PSoC4/LED2.c **** ********************************************************************************
  53:.\Generated_Source\PSoC4/LED2.c **** *
  54:.\Generated_Source\PSoC4/LED2.c **** * Summary:
ARM GAS  C:\Users\tiantiaf\AppData\Local\Temp\ccW2rQIT.s 			page 3


  55:.\Generated_Source\PSoC4/LED2.c **** *  Change the drive mode on the pins of the port.
  56:.\Generated_Source\PSoC4/LED2.c **** * 
  57:.\Generated_Source\PSoC4/LED2.c **** * Parameters:  
  58:.\Generated_Source\PSoC4/LED2.c **** *  mode:  Change the pins to one of the following drive modes.
  59:.\Generated_Source\PSoC4/LED2.c **** *
  60:.\Generated_Source\PSoC4/LED2.c **** *  LED2_DM_STRONG     Strong Drive 
  61:.\Generated_Source\PSoC4/LED2.c **** *  LED2_DM_OD_HI      Open Drain, Drives High 
  62:.\Generated_Source\PSoC4/LED2.c **** *  LED2_DM_OD_LO      Open Drain, Drives Low 
  63:.\Generated_Source\PSoC4/LED2.c **** *  LED2_DM_RES_UP     Resistive Pull Up 
  64:.\Generated_Source\PSoC4/LED2.c **** *  LED2_DM_RES_DWN    Resistive Pull Down 
  65:.\Generated_Source\PSoC4/LED2.c **** *  LED2_DM_RES_UPDWN  Resistive Pull Up/Down 
  66:.\Generated_Source\PSoC4/LED2.c **** *  LED2_DM_DIG_HIZ    High Impedance Digital 
  67:.\Generated_Source\PSoC4/LED2.c **** *  LED2_DM_ALG_HIZ    High Impedance Analog 
  68:.\Generated_Source\PSoC4/LED2.c **** *
  69:.\Generated_Source\PSoC4/LED2.c **** * Return: 
  70:.\Generated_Source\PSoC4/LED2.c **** *  None
  71:.\Generated_Source\PSoC4/LED2.c **** *
  72:.\Generated_Source\PSoC4/LED2.c **** *******************************************************************************/
  73:.\Generated_Source\PSoC4/LED2.c **** void LED2_SetDriveMode(uint8 mode) 
  74:.\Generated_Source\PSoC4/LED2.c **** {
  61              		.loc 1 74 0
  62              		.cfi_startproc
  63              	.LVL4:
  75:.\Generated_Source\PSoC4/LED2.c **** 	SetP4PinDriveMode(LED2__0__SHIFT, mode);
  64              		.loc 1 75 0
  65 0000 034A     		ldr	r2, .L5
  66 0002 1168     		ldr	r1, [r2]
  67 0004 034B     		ldr	r3, .L5+4
  68 0006 0B40     		and	r3, r1
  69 0008 4005     		lsl	r0, r0, #21
  70              	.LVL5:
  71 000a 1843     		orr	r0, r3
  72 000c 1060     		str	r0, [r2]
  76:.\Generated_Source\PSoC4/LED2.c **** }
  73              		.loc 1 76 0
  74              		@ sp needed
  75 000e 7047     		bx	lr
  76              	.L6:
  77              		.align	2
  78              	.L5:
  79 0010 08030440 		.word	1074004744
  80 0014 FFFF1FFF 		.word	-14680065
  81              		.cfi_endproc
  82              	.LFE1:
  83              		.size	LED2_SetDriveMode, .-LED2_SetDriveMode
  84              		.section	.text.LED2_Read,"ax",%progbits
  85              		.align	2
  86              		.global	LED2_Read
  87              		.code	16
  88              		.thumb_func
  89              		.type	LED2_Read, %function
  90              	LED2_Read:
  91              	.LFB2:
  77:.\Generated_Source\PSoC4/LED2.c **** 
  78:.\Generated_Source\PSoC4/LED2.c **** 
  79:.\Generated_Source\PSoC4/LED2.c **** /*******************************************************************************
  80:.\Generated_Source\PSoC4/LED2.c **** * Function Name: LED2_Read
ARM GAS  C:\Users\tiantiaf\AppData\Local\Temp\ccW2rQIT.s 			page 4


  81:.\Generated_Source\PSoC4/LED2.c **** ********************************************************************************
  82:.\Generated_Source\PSoC4/LED2.c **** *
  83:.\Generated_Source\PSoC4/LED2.c **** * Summary:
  84:.\Generated_Source\PSoC4/LED2.c **** *  Read the current value on the pins of the Digital Port in right justified 
  85:.\Generated_Source\PSoC4/LED2.c **** *  form.
  86:.\Generated_Source\PSoC4/LED2.c **** *
  87:.\Generated_Source\PSoC4/LED2.c **** * Parameters:  
  88:.\Generated_Source\PSoC4/LED2.c **** *  None 
  89:.\Generated_Source\PSoC4/LED2.c **** *
  90:.\Generated_Source\PSoC4/LED2.c **** * Return: 
  91:.\Generated_Source\PSoC4/LED2.c **** *  Returns the current value of the Digital Port as a right justified number
  92:.\Generated_Source\PSoC4/LED2.c **** *  
  93:.\Generated_Source\PSoC4/LED2.c **** * Note:
  94:.\Generated_Source\PSoC4/LED2.c **** *  Macro LED2_ReadPS calls this function. 
  95:.\Generated_Source\PSoC4/LED2.c **** *  
  96:.\Generated_Source\PSoC4/LED2.c **** *******************************************************************************/
  97:.\Generated_Source\PSoC4/LED2.c **** uint8 LED2_Read(void) 
  98:.\Generated_Source\PSoC4/LED2.c **** {
  92              		.loc 1 98 0
  93              		.cfi_startproc
  99:.\Generated_Source\PSoC4/LED2.c ****     return (uint8)((LED2_PS & LED2_MASK) >> LED2_SHIFT);
  94              		.loc 1 99 0
  95 0000 024B     		ldr	r3, .L8
  96 0002 1868     		ldr	r0, [r3]
  97 0004 0006     		lsl	r0, r0, #24
  98 0006 C00F     		lsr	r0, r0, #31
 100:.\Generated_Source\PSoC4/LED2.c **** }
  99              		.loc 1 100 0
 100              		@ sp needed
 101 0008 7047     		bx	lr
 102              	.L9:
 103 000a C046     		.align	2
 104              	.L8:
 105 000c 04030440 		.word	1074004740
 106              		.cfi_endproc
 107              	.LFE2:
 108              		.size	LED2_Read, .-LED2_Read
 109              		.section	.text.LED2_ReadDataReg,"ax",%progbits
 110              		.align	2
 111              		.global	LED2_ReadDataReg
 112              		.code	16
 113              		.thumb_func
 114              		.type	LED2_ReadDataReg, %function
 115              	LED2_ReadDataReg:
 116              	.LFB3:
 101:.\Generated_Source\PSoC4/LED2.c **** 
 102:.\Generated_Source\PSoC4/LED2.c **** 
 103:.\Generated_Source\PSoC4/LED2.c **** /*******************************************************************************
 104:.\Generated_Source\PSoC4/LED2.c **** * Function Name: LED2_ReadDataReg
 105:.\Generated_Source\PSoC4/LED2.c **** ********************************************************************************
 106:.\Generated_Source\PSoC4/LED2.c **** *
 107:.\Generated_Source\PSoC4/LED2.c **** * Summary:
 108:.\Generated_Source\PSoC4/LED2.c **** *  Read the current value assigned to a Digital Port's data output register
 109:.\Generated_Source\PSoC4/LED2.c **** *
 110:.\Generated_Source\PSoC4/LED2.c **** * Parameters:  
 111:.\Generated_Source\PSoC4/LED2.c **** *  None 
 112:.\Generated_Source\PSoC4/LED2.c **** *
ARM GAS  C:\Users\tiantiaf\AppData\Local\Temp\ccW2rQIT.s 			page 5


 113:.\Generated_Source\PSoC4/LED2.c **** * Return: 
 114:.\Generated_Source\PSoC4/LED2.c **** *  Returns the current value assigned to the Digital Port's data output register
 115:.\Generated_Source\PSoC4/LED2.c **** *  
 116:.\Generated_Source\PSoC4/LED2.c **** *******************************************************************************/
 117:.\Generated_Source\PSoC4/LED2.c **** uint8 LED2_ReadDataReg(void) 
 118:.\Generated_Source\PSoC4/LED2.c **** {
 117              		.loc 1 118 0
 118              		.cfi_startproc
 119:.\Generated_Source\PSoC4/LED2.c ****     return (uint8)((LED2_DR & LED2_MASK) >> LED2_SHIFT);
 119              		.loc 1 119 0
 120 0000 024B     		ldr	r3, .L11
 121 0002 1868     		ldr	r0, [r3]
 122 0004 0006     		lsl	r0, r0, #24
 123 0006 C00F     		lsr	r0, r0, #31
 120:.\Generated_Source\PSoC4/LED2.c **** }
 124              		.loc 1 120 0
 125              		@ sp needed
 126 0008 7047     		bx	lr
 127              	.L12:
 128 000a C046     		.align	2
 129              	.L11:
 130 000c 00030440 		.word	1074004736
 131              		.cfi_endproc
 132              	.LFE3:
 133              		.size	LED2_ReadDataReg, .-LED2_ReadDataReg
 134              		.section	.text.LED2_ClearInterrupt,"ax",%progbits
 135              		.align	2
 136              		.global	LED2_ClearInterrupt
 137              		.code	16
 138              		.thumb_func
 139              		.type	LED2_ClearInterrupt, %function
 140              	LED2_ClearInterrupt:
 141              	.LFB4:
 121:.\Generated_Source\PSoC4/LED2.c **** 
 122:.\Generated_Source\PSoC4/LED2.c **** 
 123:.\Generated_Source\PSoC4/LED2.c **** /* If Interrupts Are Enabled for this Pins component */ 
 124:.\Generated_Source\PSoC4/LED2.c **** #if defined(LED2_INTSTAT) 
 125:.\Generated_Source\PSoC4/LED2.c **** 
 126:.\Generated_Source\PSoC4/LED2.c ****     /*******************************************************************************
 127:.\Generated_Source\PSoC4/LED2.c ****     * Function Name: LED2_ClearInterrupt
 128:.\Generated_Source\PSoC4/LED2.c ****     ********************************************************************************
 129:.\Generated_Source\PSoC4/LED2.c ****     *
 130:.\Generated_Source\PSoC4/LED2.c ****     * Summary:
 131:.\Generated_Source\PSoC4/LED2.c ****     *  Clears any active interrupts attached to port and returns the value of the 
 132:.\Generated_Source\PSoC4/LED2.c ****     *  interrupt status register.
 133:.\Generated_Source\PSoC4/LED2.c ****     *
 134:.\Generated_Source\PSoC4/LED2.c ****     * Parameters:  
 135:.\Generated_Source\PSoC4/LED2.c ****     *  None 
 136:.\Generated_Source\PSoC4/LED2.c ****     *
 137:.\Generated_Source\PSoC4/LED2.c ****     * Return: 
 138:.\Generated_Source\PSoC4/LED2.c ****     *  Returns the value of the interrupt status register
 139:.\Generated_Source\PSoC4/LED2.c ****     *  
 140:.\Generated_Source\PSoC4/LED2.c ****     *******************************************************************************/
 141:.\Generated_Source\PSoC4/LED2.c ****     uint8 LED2_ClearInterrupt(void) 
 142:.\Generated_Source\PSoC4/LED2.c ****     {
 142              		.loc 1 142 0
 143              		.cfi_startproc
ARM GAS  C:\Users\tiantiaf\AppData\Local\Temp\ccW2rQIT.s 			page 6


 143:.\Generated_Source\PSoC4/LED2.c **** 		uint8 maskedStatus = (uint8)(LED2_INTSTAT & LED2_MASK);
 144              		.loc 1 143 0
 145 0000 034A     		ldr	r2, .L14
 146 0002 1068     		ldr	r0, [r2]
 147 0004 8023     		mov	r3, #128
 148 0006 1840     		and	r0, r3
 149              	.LVL6:
 144:.\Generated_Source\PSoC4/LED2.c **** 		LED2_INTSTAT = maskedStatus;
 150              		.loc 1 144 0
 151 0008 1060     		str	r0, [r2]
 145:.\Generated_Source\PSoC4/LED2.c ****         return maskedStatus >> LED2_SHIFT;
 152              		.loc 1 145 0
 153 000a C009     		lsr	r0, r0, #7
 154              	.LVL7:
 155 000c C0B2     		uxtb	r0, r0
 146:.\Generated_Source\PSoC4/LED2.c ****     }
 156              		.loc 1 146 0
 157              		@ sp needed
 158 000e 7047     		bx	lr
 159              	.L15:
 160              		.align	2
 161              	.L14:
 162 0010 10030440 		.word	1074004752
 163              		.cfi_endproc
 164              	.LFE4:
 165              		.size	LED2_ClearInterrupt, .-LED2_ClearInterrupt
 166              		.text
 167              	.Letext0:
 168              		.file 2 ".\\Generated_Source\\PSoC4\\cytypes.h"
 169              		.section	.debug_info,"",%progbits
 170              	.Ldebug_info0:
 171 0000 4E010000 		.4byte	0x14e
 172 0004 0400     		.2byte	0x4
 173 0006 00000000 		.4byte	.Ldebug_abbrev0
 174 000a 04       		.byte	0x4
 175 000b 01       		.uleb128 0x1
 176 000c 11010000 		.4byte	.LASF24
 177 0010 01       		.byte	0x1
 178 0011 C4010000 		.4byte	.LASF25
 179 0015 76000000 		.4byte	.LASF26
 180 0019 00000000 		.4byte	.Ldebug_ranges0+0
 181 001d 00000000 		.4byte	0
 182 0021 00000000 		.4byte	.Ldebug_line0
 183 0025 02       		.uleb128 0x2
 184 0026 01       		.byte	0x1
 185 0027 06       		.byte	0x6
 186 0028 B8010000 		.4byte	.LASF0
 187 002c 02       		.uleb128 0x2
 188 002d 01       		.byte	0x1
 189 002e 08       		.byte	0x8
 190 002f 2F000000 		.4byte	.LASF1
 191 0033 02       		.uleb128 0x2
 192 0034 02       		.byte	0x2
 193 0035 05       		.byte	0x5
 194 0036 9F010000 		.4byte	.LASF2
 195 003a 02       		.uleb128 0x2
 196 003b 02       		.byte	0x2
ARM GAS  C:\Users\tiantiaf\AppData\Local\Temp\ccW2rQIT.s 			page 7


 197 003c 07       		.byte	0x7
 198 003d 55000000 		.4byte	.LASF3
 199 0041 02       		.uleb128 0x2
 200 0042 04       		.byte	0x4
 201 0043 05       		.byte	0x5
 202 0044 AF010000 		.4byte	.LASF4
 203 0048 02       		.uleb128 0x2
 204 0049 04       		.byte	0x4
 205 004a 07       		.byte	0x7
 206 004b 43000000 		.4byte	.LASF5
 207 004f 02       		.uleb128 0x2
 208 0050 08       		.byte	0x8
 209 0051 05       		.byte	0x5
 210 0052 DD000000 		.4byte	.LASF6
 211 0056 02       		.uleb128 0x2
 212 0057 08       		.byte	0x8
 213 0058 07       		.byte	0x7
 214 0059 B7000000 		.4byte	.LASF7
 215 005d 03       		.uleb128 0x3
 216 005e 04       		.byte	0x4
 217 005f 05       		.byte	0x5
 218 0060 696E7400 		.ascii	"int\000"
 219 0064 02       		.uleb128 0x2
 220 0065 04       		.byte	0x4
 221 0066 07       		.byte	0x7
 222 0067 AA000000 		.4byte	.LASF8
 223 006b 04       		.uleb128 0x4
 224 006c A9010000 		.4byte	.LASF9
 225 0070 02       		.byte	0x2
 226 0071 9801     		.2byte	0x198
 227 0073 2C000000 		.4byte	0x2c
 228 0077 04       		.uleb128 0x4
 229 0078 6F000000 		.4byte	.LASF10
 230 007c 02       		.byte	0x2
 231 007d 9A01     		.2byte	0x19a
 232 007f 48000000 		.4byte	0x48
 233 0083 02       		.uleb128 0x2
 234 0084 04       		.byte	0x4
 235 0085 04       		.byte	0x4
 236 0086 29000000 		.4byte	.LASF11
 237 008a 02       		.uleb128 0x2
 238 008b 08       		.byte	0x8
 239 008c 04       		.byte	0x4
 240 008d 68000000 		.4byte	.LASF12
 241 0091 02       		.uleb128 0x2
 242 0092 01       		.byte	0x1
 243 0093 08       		.byte	0x8
 244 0094 0C010000 		.4byte	.LASF13
 245 0098 04       		.uleb128 0x4
 246 0099 00000000 		.4byte	.LASF14
 247 009d 02       		.byte	0x2
 248 009e 4402     		.2byte	0x244
 249 00a0 A4000000 		.4byte	0xa4
 250 00a4 05       		.uleb128 0x5
 251 00a5 77000000 		.4byte	0x77
 252 00a9 06       		.uleb128 0x6
 253 00aa 1E000000 		.4byte	.LASF15
ARM GAS  C:\Users\tiantiaf\AppData\Local\Temp\ccW2rQIT.s 			page 8


 254 00ae 01       		.byte	0x1
 255 00af 2A       		.byte	0x2a
 256 00b0 00000000 		.4byte	.LFB0
 257 00b4 18000000 		.4byte	.LFE0-.LFB0
 258 00b8 01       		.uleb128 0x1
 259 00b9 9C       		.byte	0x9c
 260 00ba DD000000 		.4byte	0xdd
 261 00be 07       		.uleb128 0x7
 262 00bf 18000000 		.4byte	.LASF17
 263 00c3 01       		.byte	0x1
 264 00c4 2A       		.byte	0x2a
 265 00c5 6B000000 		.4byte	0x6b
 266 00c9 00000000 		.4byte	.LLST0
 267 00cd 08       		.uleb128 0x8
 268 00ce 3D000000 		.4byte	.LASF22
 269 00d2 01       		.byte	0x1
 270 00d3 2C       		.byte	0x2c
 271 00d4 6B000000 		.4byte	0x6b
 272 00d8 21000000 		.4byte	.LLST1
 273 00dc 00       		.byte	0
 274 00dd 06       		.uleb128 0x6
 275 00de 06000000 		.4byte	.LASF16
 276 00e2 01       		.byte	0x1
 277 00e3 49       		.byte	0x49
 278 00e4 00000000 		.4byte	.LFB1
 279 00e8 18000000 		.4byte	.LFE1-.LFB1
 280 00ec 01       		.uleb128 0x1
 281 00ed 9C       		.byte	0x9c
 282 00ee 02010000 		.4byte	0x102
 283 00f2 07       		.uleb128 0x7
 284 00f3 D8000000 		.4byte	.LASF18
 285 00f7 01       		.byte	0x1
 286 00f8 49       		.byte	0x49
 287 00f9 6B000000 		.4byte	0x6b
 288 00fd 3F000000 		.4byte	.LLST2
 289 0101 00       		.byte	0
 290 0102 09       		.uleb128 0x9
 291 0103 CE000000 		.4byte	.LASF19
 292 0107 01       		.byte	0x1
 293 0108 61       		.byte	0x61
 294 0109 6B000000 		.4byte	0x6b
 295 010d 00000000 		.4byte	.LFB2
 296 0111 10000000 		.4byte	.LFE2-.LFB2
 297 0115 01       		.uleb128 0x1
 298 0116 9C       		.byte	0x9c
 299 0117 09       		.uleb128 0x9
 300 0118 E4010000 		.4byte	.LASF20
 301 011c 01       		.byte	0x1
 302 011d 75       		.byte	0x75
 303 011e 6B000000 		.4byte	0x6b
 304 0122 00000000 		.4byte	.LFB3
 305 0126 10000000 		.4byte	.LFE3-.LFB3
 306 012a 01       		.uleb128 0x1
 307 012b 9C       		.byte	0x9c
 308 012c 0A       		.uleb128 0xa
 309 012d EB000000 		.4byte	.LASF21
 310 0131 01       		.byte	0x1
ARM GAS  C:\Users\tiantiaf\AppData\Local\Temp\ccW2rQIT.s 			page 9


 311 0132 8D       		.byte	0x8d
 312 0133 6B000000 		.4byte	0x6b
 313 0137 00000000 		.4byte	.LFB4
 314 013b 14000000 		.4byte	.LFE4-.LFB4
 315 013f 01       		.uleb128 0x1
 316 0140 9C       		.byte	0x9c
 317 0141 08       		.uleb128 0x8
 318 0142 FF000000 		.4byte	.LASF23
 319 0146 01       		.byte	0x1
 320 0147 8F       		.byte	0x8f
 321 0148 6B000000 		.4byte	0x6b
 322 014c 60000000 		.4byte	.LLST3
 323 0150 00       		.byte	0
 324 0151 00       		.byte	0
 325              		.section	.debug_abbrev,"",%progbits
 326              	.Ldebug_abbrev0:
 327 0000 01       		.uleb128 0x1
 328 0001 11       		.uleb128 0x11
 329 0002 01       		.byte	0x1
 330 0003 25       		.uleb128 0x25
 331 0004 0E       		.uleb128 0xe
 332 0005 13       		.uleb128 0x13
 333 0006 0B       		.uleb128 0xb
 334 0007 03       		.uleb128 0x3
 335 0008 0E       		.uleb128 0xe
 336 0009 1B       		.uleb128 0x1b
 337 000a 0E       		.uleb128 0xe
 338 000b 55       		.uleb128 0x55
 339 000c 17       		.uleb128 0x17
 340 000d 11       		.uleb128 0x11
 341 000e 01       		.uleb128 0x1
 342 000f 10       		.uleb128 0x10
 343 0010 17       		.uleb128 0x17
 344 0011 00       		.byte	0
 345 0012 00       		.byte	0
 346 0013 02       		.uleb128 0x2
 347 0014 24       		.uleb128 0x24
 348 0015 00       		.byte	0
 349 0016 0B       		.uleb128 0xb
 350 0017 0B       		.uleb128 0xb
 351 0018 3E       		.uleb128 0x3e
 352 0019 0B       		.uleb128 0xb
 353 001a 03       		.uleb128 0x3
 354 001b 0E       		.uleb128 0xe
 355 001c 00       		.byte	0
 356 001d 00       		.byte	0
 357 001e 03       		.uleb128 0x3
 358 001f 24       		.uleb128 0x24
 359 0020 00       		.byte	0
 360 0021 0B       		.uleb128 0xb
 361 0022 0B       		.uleb128 0xb
 362 0023 3E       		.uleb128 0x3e
 363 0024 0B       		.uleb128 0xb
 364 0025 03       		.uleb128 0x3
 365 0026 08       		.uleb128 0x8
 366 0027 00       		.byte	0
 367 0028 00       		.byte	0
ARM GAS  C:\Users\tiantiaf\AppData\Local\Temp\ccW2rQIT.s 			page 10


 368 0029 04       		.uleb128 0x4
 369 002a 16       		.uleb128 0x16
 370 002b 00       		.byte	0
 371 002c 03       		.uleb128 0x3
 372 002d 0E       		.uleb128 0xe
 373 002e 3A       		.uleb128 0x3a
 374 002f 0B       		.uleb128 0xb
 375 0030 3B       		.uleb128 0x3b
 376 0031 05       		.uleb128 0x5
 377 0032 49       		.uleb128 0x49
 378 0033 13       		.uleb128 0x13
 379 0034 00       		.byte	0
 380 0035 00       		.byte	0
 381 0036 05       		.uleb128 0x5
 382 0037 35       		.uleb128 0x35
 383 0038 00       		.byte	0
 384 0039 49       		.uleb128 0x49
 385 003a 13       		.uleb128 0x13
 386 003b 00       		.byte	0
 387 003c 00       		.byte	0
 388 003d 06       		.uleb128 0x6
 389 003e 2E       		.uleb128 0x2e
 390 003f 01       		.byte	0x1
 391 0040 3F       		.uleb128 0x3f
 392 0041 19       		.uleb128 0x19
 393 0042 03       		.uleb128 0x3
 394 0043 0E       		.uleb128 0xe
 395 0044 3A       		.uleb128 0x3a
 396 0045 0B       		.uleb128 0xb
 397 0046 3B       		.uleb128 0x3b
 398 0047 0B       		.uleb128 0xb
 399 0048 27       		.uleb128 0x27
 400 0049 19       		.uleb128 0x19
 401 004a 11       		.uleb128 0x11
 402 004b 01       		.uleb128 0x1
 403 004c 12       		.uleb128 0x12
 404 004d 06       		.uleb128 0x6
 405 004e 40       		.uleb128 0x40
 406 004f 18       		.uleb128 0x18
 407 0050 9742     		.uleb128 0x2117
 408 0052 19       		.uleb128 0x19
 409 0053 01       		.uleb128 0x1
 410 0054 13       		.uleb128 0x13
 411 0055 00       		.byte	0
 412 0056 00       		.byte	0
 413 0057 07       		.uleb128 0x7
 414 0058 05       		.uleb128 0x5
 415 0059 00       		.byte	0
 416 005a 03       		.uleb128 0x3
 417 005b 0E       		.uleb128 0xe
 418 005c 3A       		.uleb128 0x3a
 419 005d 0B       		.uleb128 0xb
 420 005e 3B       		.uleb128 0x3b
 421 005f 0B       		.uleb128 0xb
 422 0060 49       		.uleb128 0x49
 423 0061 13       		.uleb128 0x13
 424 0062 02       		.uleb128 0x2
ARM GAS  C:\Users\tiantiaf\AppData\Local\Temp\ccW2rQIT.s 			page 11


 425 0063 17       		.uleb128 0x17
 426 0064 00       		.byte	0
 427 0065 00       		.byte	0
 428 0066 08       		.uleb128 0x8
 429 0067 34       		.uleb128 0x34
 430 0068 00       		.byte	0
 431 0069 03       		.uleb128 0x3
 432 006a 0E       		.uleb128 0xe
 433 006b 3A       		.uleb128 0x3a
 434 006c 0B       		.uleb128 0xb
 435 006d 3B       		.uleb128 0x3b
 436 006e 0B       		.uleb128 0xb
 437 006f 49       		.uleb128 0x49
 438 0070 13       		.uleb128 0x13
 439 0071 02       		.uleb128 0x2
 440 0072 17       		.uleb128 0x17
 441 0073 00       		.byte	0
 442 0074 00       		.byte	0
 443 0075 09       		.uleb128 0x9
 444 0076 2E       		.uleb128 0x2e
 445 0077 00       		.byte	0
 446 0078 3F       		.uleb128 0x3f
 447 0079 19       		.uleb128 0x19
 448 007a 03       		.uleb128 0x3
 449 007b 0E       		.uleb128 0xe
 450 007c 3A       		.uleb128 0x3a
 451 007d 0B       		.uleb128 0xb
 452 007e 3B       		.uleb128 0x3b
 453 007f 0B       		.uleb128 0xb
 454 0080 27       		.uleb128 0x27
 455 0081 19       		.uleb128 0x19
 456 0082 49       		.uleb128 0x49
 457 0083 13       		.uleb128 0x13
 458 0084 11       		.uleb128 0x11
 459 0085 01       		.uleb128 0x1
 460 0086 12       		.uleb128 0x12
 461 0087 06       		.uleb128 0x6
 462 0088 40       		.uleb128 0x40
 463 0089 18       		.uleb128 0x18
 464 008a 9742     		.uleb128 0x2117
 465 008c 19       		.uleb128 0x19
 466 008d 00       		.byte	0
 467 008e 00       		.byte	0
 468 008f 0A       		.uleb128 0xa
 469 0090 2E       		.uleb128 0x2e
 470 0091 01       		.byte	0x1
 471 0092 3F       		.uleb128 0x3f
 472 0093 19       		.uleb128 0x19
 473 0094 03       		.uleb128 0x3
 474 0095 0E       		.uleb128 0xe
 475 0096 3A       		.uleb128 0x3a
 476 0097 0B       		.uleb128 0xb
 477 0098 3B       		.uleb128 0x3b
 478 0099 0B       		.uleb128 0xb
 479 009a 27       		.uleb128 0x27
 480 009b 19       		.uleb128 0x19
 481 009c 49       		.uleb128 0x49
ARM GAS  C:\Users\tiantiaf\AppData\Local\Temp\ccW2rQIT.s 			page 12


 482 009d 13       		.uleb128 0x13
 483 009e 11       		.uleb128 0x11
 484 009f 01       		.uleb128 0x1
 485 00a0 12       		.uleb128 0x12
 486 00a1 06       		.uleb128 0x6
 487 00a2 40       		.uleb128 0x40
 488 00a3 18       		.uleb128 0x18
 489 00a4 9742     		.uleb128 0x2117
 490 00a6 19       		.uleb128 0x19
 491 00a7 00       		.byte	0
 492 00a8 00       		.byte	0
 493 00a9 00       		.byte	0
 494              		.section	.debug_loc,"",%progbits
 495              	.Ldebug_loc0:
 496              	.LLST0:
 497 0000 00000000 		.4byte	.LVL0
 498 0004 0A000000 		.4byte	.LVL2
 499 0008 0100     		.2byte	0x1
 500 000a 50       		.byte	0x50
 501 000b 0A000000 		.4byte	.LVL2
 502 000f 18000000 		.4byte	.LFE0
 503 0013 0400     		.2byte	0x4
 504 0015 F3       		.byte	0xf3
 505 0016 01       		.uleb128 0x1
 506 0017 50       		.byte	0x50
 507 0018 9F       		.byte	0x9f
 508 0019 00000000 		.4byte	0
 509 001d 00000000 		.4byte	0
 510              	.LLST1:
 511 0021 08000000 		.4byte	.LVL1
 512 0025 0E000000 		.4byte	.LVL3
 513 0029 0100     		.2byte	0x1
 514 002b 53       		.byte	0x53
 515 002c 0E000000 		.4byte	.LVL3
 516 0030 18000000 		.4byte	.LFE0
 517 0034 0100     		.2byte	0x1
 518 0036 50       		.byte	0x50
 519 0037 00000000 		.4byte	0
 520 003b 00000000 		.4byte	0
 521              	.LLST2:
 522 003f 00000000 		.4byte	.LVL4
 523 0043 0A000000 		.4byte	.LVL5
 524 0047 0100     		.2byte	0x1
 525 0049 50       		.byte	0x50
 526 004a 0A000000 		.4byte	.LVL5
 527 004e 18000000 		.4byte	.LFE1
 528 0052 0400     		.2byte	0x4
 529 0054 F3       		.byte	0xf3
 530 0055 01       		.uleb128 0x1
 531 0056 50       		.byte	0x50
 532 0057 9F       		.byte	0x9f
 533 0058 00000000 		.4byte	0
 534 005c 00000000 		.4byte	0
 535              	.LLST3:
 536 0060 08000000 		.4byte	.LVL6
 537 0064 0C000000 		.4byte	.LVL7
 538 0068 0100     		.2byte	0x1
ARM GAS  C:\Users\tiantiaf\AppData\Local\Temp\ccW2rQIT.s 			page 13


 539 006a 50       		.byte	0x50
 540 006b 0C000000 		.4byte	.LVL7
 541 006f 14000000 		.4byte	.LFE4
 542 0073 0400     		.2byte	0x4
 543 0075 72       		.byte	0x72
 544 0076 00       		.sleb128 0
 545 0077 06       		.byte	0x6
 546 0078 9F       		.byte	0x9f
 547 0079 00000000 		.4byte	0
 548 007d 00000000 		.4byte	0
 549              		.section	.debug_aranges,"",%progbits
 550 0000 3C000000 		.4byte	0x3c
 551 0004 0200     		.2byte	0x2
 552 0006 00000000 		.4byte	.Ldebug_info0
 553 000a 04       		.byte	0x4
 554 000b 00       		.byte	0
 555 000c 0000     		.2byte	0
 556 000e 0000     		.2byte	0
 557 0010 00000000 		.4byte	.LFB0
 558 0014 18000000 		.4byte	.LFE0-.LFB0
 559 0018 00000000 		.4byte	.LFB1
 560 001c 18000000 		.4byte	.LFE1-.LFB1
 561 0020 00000000 		.4byte	.LFB2
 562 0024 10000000 		.4byte	.LFE2-.LFB2
 563 0028 00000000 		.4byte	.LFB3
 564 002c 10000000 		.4byte	.LFE3-.LFB3
 565 0030 00000000 		.4byte	.LFB4
 566 0034 14000000 		.4byte	.LFE4-.LFB4
 567 0038 00000000 		.4byte	0
 568 003c 00000000 		.4byte	0
 569              		.section	.debug_ranges,"",%progbits
 570              	.Ldebug_ranges0:
 571 0000 00000000 		.4byte	.LFB0
 572 0004 18000000 		.4byte	.LFE0
 573 0008 00000000 		.4byte	.LFB1
 574 000c 18000000 		.4byte	.LFE1
 575 0010 00000000 		.4byte	.LFB2
 576 0014 10000000 		.4byte	.LFE2
 577 0018 00000000 		.4byte	.LFB3
 578 001c 10000000 		.4byte	.LFE3
 579 0020 00000000 		.4byte	.LFB4
 580 0024 14000000 		.4byte	.LFE4
 581 0028 00000000 		.4byte	0
 582 002c 00000000 		.4byte	0
 583              		.section	.debug_line,"",%progbits
 584              	.Ldebug_line0:
 585 0000 A6000000 		.section	.debug_str,"MS",%progbits,1
 585      02004300 
 585      00000201 
 585      FB0E0D00 
 585      01010101 
 586              	.LASF14:
 587 0000 72656733 		.ascii	"reg32\000"
 587      3200
 588              	.LASF16:
 589 0006 4C454432 		.ascii	"LED2_SetDriveMode\000"
 589      5F536574 
ARM GAS  C:\Users\tiantiaf\AppData\Local\Temp\ccW2rQIT.s 			page 14


 589      44726976 
 589      654D6F64 
 589      6500
 590              	.LASF17:
 591 0018 76616C75 		.ascii	"value\000"
 591      6500
 592              	.LASF15:
 593 001e 4C454432 		.ascii	"LED2_Write\000"
 593      5F577269 
 593      746500
 594              	.LASF11:
 595 0029 666C6F61 		.ascii	"float\000"
 595      7400
 596              	.LASF1:
 597 002f 756E7369 		.ascii	"unsigned char\000"
 597      676E6564 
 597      20636861 
 597      7200
 598              	.LASF22:
 599 003d 64725661 		.ascii	"drVal\000"
 599      6C00
 600              	.LASF5:
 601 0043 6C6F6E67 		.ascii	"long unsigned int\000"
 601      20756E73 
 601      69676E65 
 601      6420696E 
 601      7400
 602              	.LASF3:
 603 0055 73686F72 		.ascii	"short unsigned int\000"
 603      7420756E 
 603      7369676E 
 603      65642069 
 603      6E7400
 604              	.LASF12:
 605 0068 646F7562 		.ascii	"double\000"
 605      6C6500
 606              	.LASF10:
 607 006f 75696E74 		.ascii	"uint32\000"
 607      333200
 608              	.LASF26:
 609 0076 453A5C50 		.ascii	"E:\\Psoc\\BLE_LED_DEMO\\Workspace01\\BLE_Led_Demo.c"
 609      736F635C 
 609      424C455F 
 609      4C45445F 
 609      44454D4F 
 610 00a5 7964736E 		.ascii	"ydsn\000"
 610      00
 611              	.LASF8:
 612 00aa 756E7369 		.ascii	"unsigned int\000"
 612      676E6564 
 612      20696E74 
 612      00
 613              	.LASF7:
 614 00b7 6C6F6E67 		.ascii	"long long unsigned int\000"
 614      206C6F6E 
 614      6720756E 
 614      7369676E 
ARM GAS  C:\Users\tiantiaf\AppData\Local\Temp\ccW2rQIT.s 			page 15


 614      65642069 
 615              	.LASF19:
 616 00ce 4C454432 		.ascii	"LED2_Read\000"
 616      5F526561 
 616      6400
 617              	.LASF18:
 618 00d8 6D6F6465 		.ascii	"mode\000"
 618      00
 619              	.LASF6:
 620 00dd 6C6F6E67 		.ascii	"long long int\000"
 620      206C6F6E 
 620      6720696E 
 620      7400
 621              	.LASF21:
 622 00eb 4C454432 		.ascii	"LED2_ClearInterrupt\000"
 622      5F436C65 
 622      6172496E 
 622      74657272 
 622      75707400 
 623              	.LASF23:
 624 00ff 6D61736B 		.ascii	"maskedStatus\000"
 624      65645374 
 624      61747573 
 624      00
 625              	.LASF13:
 626 010c 63686172 		.ascii	"char\000"
 626      00
 627              	.LASF24:
 628 0111 474E5520 		.ascii	"GNU C 4.9.3 20150303 (release) [ARM/embedded-4_9-br"
 628      4320342E 
 628      392E3320 
 628      32303135 
 628      30333033 
 629 0144 616E6368 		.ascii	"anch revision 221220] -mcpu=cortex-m0 -mthumb -g -O"
 629      20726576 
 629      6973696F 
 629      6E203232 
 629      31323230 
 630 0177 67202D66 		.ascii	"g -ffunction-sections -ffat-lto-objects\000"
 630      66756E63 
 630      74696F6E 
 630      2D736563 
 630      74696F6E 
 631              	.LASF2:
 632 019f 73686F72 		.ascii	"short int\000"
 632      7420696E 
 632      7400
 633              	.LASF9:
 634 01a9 75696E74 		.ascii	"uint8\000"
 634      3800
 635              	.LASF4:
 636 01af 6C6F6E67 		.ascii	"long int\000"
 636      20696E74 
 636      00
 637              	.LASF0:
 638 01b8 7369676E 		.ascii	"signed char\000"
 638      65642063 
ARM GAS  C:\Users\tiantiaf\AppData\Local\Temp\ccW2rQIT.s 			page 16


 638      68617200 
 639              	.LASF25:
 640 01c4 2E5C4765 		.ascii	".\\Generated_Source\\PSoC4\\LED2.c\000"
 640      6E657261 
 640      7465645F 
 640      536F7572 
 640      63655C50 
 641              	.LASF20:
 642 01e4 4C454432 		.ascii	"LED2_ReadDataReg\000"
 642      5F526561 
 642      64446174 
 642      61526567 
 642      00
 643              		.ident	"GCC: (GNU Tools for ARM Embedded Processors) 4.9.3 20150303 (release) [ARM/embedded-4_9-br
